ABW: Could not find gazetteer in cod-ab-abw  
AIA: Could not find gazetteer in cod-ab-aia  
ATG: Could not find admin tabs in atg_admpop_2023.xlsx  
BES: Could not find gazetteer in cod-ab-bes  
BHR: Could not find gazetteer in cod-ab-bhr  
BHS: Can't find code header at adm1  
BLM: Could not find gazetteer in cod-ab-blm  
GRC: Can't find code header at adm1  
GRC: Can't find code header at adm2  
KGZ: name not found for some p-codes at adm3  
MAF: Could not find gazetteer in cod-ab-maf  
MKD: Can't find code header at adm3  
MKD: Can't find code header at adm4  
MMR: name not found for some p-codes at adm4  
SEN: name not found for some p-codes at adm3  
TUR: name not found for some p-codes at adm3  
TUR: parent units TUR021013007, TUR008005021, nan missing  
UKR: parent units UA0102043, UA0102007, UA0102023, UA0102001, UA0102021, UA0102031 missing  
